# Logfile created on 2026-03-22 17:13:06 -0500 by logger.rb/v1.7.0
I, [2026-03-22T17:13:06.893599 #2551182]  INFO -- : #<struct LinkElement link="https://www.ancientfaith.com/podcasts/amvon/", text="amvon">
I, [2026-03-22T17:13:06.916121 #2551182]  INFO -- : #<struct LinkElement link="https://www.ancientfaith.com/podcasts/comeandsee/", text="comeandsee">
I, [2026-03-22T17:13:06.930992 #2551182]  INFO -- : #<struct LinkElement link="https://www.ancientfaith.com/podcasts/dailyscriptures/", text="dailyscriptures">
I, [2026-03-22T17:13:06.946170 #2551182]  INFO -- : #<struct LinkElement link="https://www.ancientfaith.com/podcasts/dailyscriptureskids/", text="dailyscriptureskids">
I, [2026-03-22T17:13:06.989037 #2551182]  INFO -- : #<struct LinkElement link="https://www.ancientfaith.com/podcasts/digital_discernment/", text="digital_discernment">
I, [2026-03-22T17:13:07.003639 #2551182]  INFO -- : #<struct LinkElement link="https://www.ancientfaith.com/podcasts/easternchristianinsights/", text="easternchristianinsights">
I, [2026-03-22T17:13:07.017818 #2551182]  INFO -- : #<struct LinkElement link="https://www.ancientfaith.com/podcasts/features/", text="features">
I, [2026-03-22T17:13:07.032280 #2551182]  INFO -- : #<struct LinkElement link="https://www.ancientfaith.com/podcasts/filledwithless/", text="filledwithless">
I, [2026-03-22T17:13:07.048565 #2551182]  INFO -- : #<struct LinkElement link="https://www.ancientfaith.com/podcasts/fr-andrew-stephen-damick-lectures/", text="fr-andrew-stephen-damick-lectures">
I, [2026-03-22T17:13:07.062944 #2551182]  INFO -- : #<struct LinkElement link="https://www.ancientfaith.com/podcasts/gods_wondrous_saints/", text="gods_wondrous_saints">
I, [2026-03-22T17:13:07.077371 #2551182]  INFO -- : #<struct LinkElement link="https://www.ancientfaith.com/podcasts/greattales/", text="greattales">
I, [2026-03-22T17:13:07.094001 #2551182]  INFO -- : #<struct LinkElement link="https://www.ancientfaith.com/podcasts/how-to-be-an-orthodox-christian/", text="how-to-be-an-orthodox-christian">
I, [2026-03-22T17:13:07.110265 #2551182]  INFO -- : #<struct LinkElement link="https://www.ancientfaith.com/podcasts/lampfortoday/", text="lampfortoday">
I, [2026-03-22T17:13:07.124817 #2551182]  INFO -- : #<struct LinkElement link="https://www.ancientfaith.com/podcasts/letusattend/", text="letusattend">
I, [2026-03-22T17:13:07.139202 #2551182]  INFO -- : #<struct LinkElement link="https://www.ancientfaith.com/podcasts/lightpast/", text="lightpast">
I, [2026-03-22T17:13:07.154030 #2551182]  INFO -- : #<struct LinkElement link="https://www.ancientfaith.com/podcasts/livewiththelouhs/", text="livewiththelouhs">
I, [2026-03-22T17:13:07.168811 #2551182]  INFO -- : #<struct LinkElement link="https://www.ancientfaith.com/podcasts/lordofspirits/", text="lordofspirits">
I, [2026-03-22T17:13:07.183235 #2551182]  INFO -- : #<struct LinkElement link="https://www.ancientfaith.com/podcasts/orthodox_women_in_healing_ministries/", text="orthodox_women_in_healing_ministries">
I, [2026-03-22T17:13:07.197756 #2551182]  INFO -- : #<struct LinkElement link="https://www.ancientfaith.com/podcasts/orthodoxpilgrim/", text="orthodoxpilgrim">
I, [2026-03-22T17:13:07.213694 #2551182]  INFO -- : #<struct LinkElement link="https://www.ancientfaith.com/podcasts/parables/", text="parables">
I, [2026-03-22T17:13:07.230521 #2551182]  INFO -- : #<struct LinkElement link="https://www.ancientfaith.com/podcasts/pathacademy/", text="pathacademy">
I, [2026-03-22T17:13:07.245751 #2551182]  INFO -- : #<struct LinkElement link="https://www.ancientfaith.com/podcasts/sacramental/", text="sacramental">
I, [2026-03-22T17:13:07.260843 #2551182]  INFO -- : #<struct LinkElement link="https://www.ancientfaith.com/podcasts/saintoftheday/", text="saintoftheday">
I, [2026-03-22T17:13:07.279591 #2551182]  INFO -- : #<struct LinkElement link="https://www.ancientfaith.com/podcasts/searchthescriptureslive/", text="searchthescriptureslive">
I, [2026-03-22T17:13:07.294228 #2551182]  INFO -- : #<struct LinkElement link="https://www.ancientfaith.com/podcasts/shine-your-light/", text="shine-your-light">
I, [2026-03-22T17:13:07.308788 #2551182]  INFO -- : #<struct LinkElement link="https://www.ancientfaith.com/podcasts/the-great-rood-screen/", text="the-great-rood-screen">
I, [2026-03-22T17:13:07.323192 #2551182]  INFO -- : #<struct LinkElement link="https://www.ancientfaith.com/podcasts/the_roots_of_everything/", text="the_roots_of_everything">
I, [2026-03-22T17:13:07.341590 #2551182]  INFO -- : #<struct LinkElement link="https://www.ancientfaith.com/podcasts/thepath/", text="thepath">
I, [2026-03-22T17:13:07.359089 #2551182]  INFO -- : #<struct LinkElement link="https://www.ancientfaith.com/podcasts/welcoming-gifts/", text="welcoming-gifts">
I, [2026-03-22T17:13:07.374136 #2551182]  INFO -- : #<struct LinkElement link="https://www.ancientfaith.com/podcasts/wholecounsel/", text="wholecounsel">
