# Logfile created on 2026-03-19 06:48:04 -0500 by logger.rb/v1.7.0
I, [2026-03-19T06:48:04.532304 #1218140]  INFO -- : #<struct LinkElement link="https://www.ancientfaith.com/podcasts/aftodaylive/", text="aftodaylive">
I, [2026-03-19T06:48:04.546819 #1218140]  INFO -- : #<struct LinkElement link="https://www.ancientfaith.com/podcasts/amvon/", text="amvon">
I, [2026-03-19T06:48:04.560949 #1218140]  INFO -- : #<struct LinkElement link="https://www.ancientfaith.com/podcasts/church-things-explained/", text="church-things-explained">
I, [2026-03-19T06:48:04.574613 #1218140]  INFO -- : #<struct LinkElement link="https://www.ancientfaith.com/podcasts/comeandsee/", text="comeandsee">
I, [2026-03-19T06:48:04.588136 #1218140]  INFO -- : #<struct LinkElement link="https://www.ancientfaith.com/podcasts/dailyscriptures/", text="dailyscriptures">
I, [2026-03-19T06:48:04.601587 #1218140]  INFO -- : #<struct LinkElement link="https://www.ancientfaith.com/podcasts/dailyscriptureskids/", text="dailyscriptureskids">
I, [2026-03-19T06:48:04.615367 #1218140]  INFO -- : #<struct LinkElement link="https://www.ancientfaith.com/podcasts/digital_discernment/", text="digital_discernment">
I, [2026-03-19T06:48:04.629131 #1218140]  INFO -- : #<struct LinkElement link="https://www.ancientfaith.com/podcasts/doxacast_remix/", text="doxacast_remix">
I, [2026-03-19T06:48:04.642731 #1218140]  INFO -- : #<struct LinkElement link="https://www.ancientfaith.com/podcasts/easternchristianinsights/", text="easternchristianinsights">
I, [2026-03-19T06:48:04.656068 #1218140]  INFO -- : #<struct LinkElement link="https://www.ancientfaith.com/podcasts/familymatters/", text="familymatters">
I, [2026-03-19T06:48:04.669887 #1218140]  INFO -- : #<struct LinkElement link="https://www.ancientfaith.com/podcasts/filledwithless/", text="filledwithless">
I, [2026-03-19T06:48:04.683720 #1218140]  INFO -- : #<struct LinkElement link="https://www.ancientfaith.com/podcasts/fr-andrew-stephen-damick-lectures/", text="fr-andrew-stephen-damick-lectures">
I, [2026-03-19T06:48:04.697400 #1218140]  INFO -- : #<struct LinkElement link="https://www.ancientfaith.com/podcasts/fr_thomas_hopko_the_cassette_lectures/", text="fr_thomas_hopko_the_cassette_lectures">
I, [2026-03-19T06:48:04.710954 #1218140]  INFO -- : #<struct LinkElement link="https://www.ancientfaith.com/podcasts/letusattend/", text="letusattend">
I, [2026-03-19T06:48:04.725835 #1218140]  INFO -- : #<struct LinkElement link="https://www.ancientfaith.com/podcasts/lightpast/", text="lightpast">
I, [2026-03-19T06:48:04.739912 #1218140]  INFO -- : #<struct LinkElement link="https://www.ancientfaith.com/podcasts/livewiththelouhs/", text="livewiththelouhs">
I, [2026-03-19T06:48:04.753703 #1218140]  INFO -- : #<struct LinkElement link="https://www.ancientfaith.com/podcasts/lordofspirits/", text="lordofspirits">
I, [2026-03-19T06:48:04.767308 #1218140]  INFO -- : #<struct LinkElement link="https://www.ancientfaith.com/podcasts/madetobeakingdom/", text="madetobeakingdom">
I, [2026-03-19T06:48:04.781436 #1218140]  INFO -- : #<struct LinkElement link="https://www.ancientfaith.com/podcasts/orthodoxpilgrim/", text="orthodoxpilgrim">
I, [2026-03-19T06:48:04.795563 #1218140]  INFO -- : #<struct LinkElement link="https://www.ancientfaith.com/podcasts/parables/", text="parables">
I, [2026-03-19T06:48:04.812298 #1218140]  INFO -- : #<struct LinkElement link="https://www.ancientfaith.com/podcasts/pathacademy/", text="pathacademy">
I, [2026-03-19T06:48:04.826150 #1218140]  INFO -- : #<struct LinkElement link="https://www.ancientfaith.com/podcasts/sacramental/", text="sacramental">
I, [2026-03-19T06:48:04.840369 #1218140]  INFO -- : #<struct LinkElement link="https://www.ancientfaith.com/podcasts/saintoftheday/", text="saintoftheday">
I, [2026-03-19T06:48:04.854504 #1218140]  INFO -- : #<struct LinkElement link="https://www.ancientfaith.com/podcasts/searchthescriptureslive/", text="searchthescriptureslive">
I, [2026-03-19T06:48:04.868530 #1218140]  INFO -- : #<struct LinkElement link="https://www.ancientfaith.com/podcasts/simplepath/", text="simplepath">
I, [2026-03-19T06:48:04.885589 #1218140]  INFO -- : #<struct LinkElement link="https://www.ancientfaith.com/podcasts/the-great-rood-screen/", text="the-great-rood-screen">
I, [2026-03-19T06:48:04.899970 #1218140]  INFO -- : #<struct LinkElement link="https://www.ancientfaith.com/podcasts/the_roots_of_everything/", text="the_roots_of_everything">
I, [2026-03-19T06:48:04.914311 #1218140]  INFO -- : #<struct LinkElement link="https://www.ancientfaith.com/podcasts/thepath/", text="thepath">
I, [2026-03-19T06:48:04.928624 #1218140]  INFO -- : #<struct LinkElement link="https://www.ancientfaith.com/podcasts/transforminglives/", text="transforminglives">
I, [2026-03-19T06:48:04.949655 #1218140]  INFO -- : #<struct LinkElement link="https://www.ancientfaith.com/podcasts/wholecounsel/", text="wholecounsel">
