# Logfile created on 2026-03-21 10:46:10 -0500 by logger.rb/v1.7.0
I, [2026-03-21T10:46:10.586808 #1939047]  INFO -- : #<struct LinkElement link="https://www.ancientfaith.com/podcasts/amvon/", text="amvon">
I, [2026-03-21T10:46:10.604293 #1939047]  INFO -- : #<struct LinkElement link="https://www.ancientfaith.com/podcasts/comeandsee/", text="comeandsee">
I, [2026-03-21T10:46:10.618441 #1939047]  INFO -- : #<struct LinkElement link="https://www.ancientfaith.com/podcasts/dailyscriptures/", text="dailyscriptures">
I, [2026-03-21T10:46:10.632286 #1939047]  INFO -- : #<struct LinkElement link="https://www.ancientfaith.com/podcasts/dailyscriptureskids/", text="dailyscriptureskids">
I, [2026-03-21T10:46:10.645831 #1939047]  INFO -- : #<struct LinkElement link="https://www.ancientfaith.com/podcasts/digital_discernment/", text="digital_discernment">
I, [2026-03-21T10:46:10.659852 #1939047]  INFO -- : #<struct LinkElement link="https://www.ancientfaith.com/podcasts/easternchristianinsights/", text="easternchristianinsights">
I, [2026-03-21T10:46:10.693049 #1939047]  INFO -- : #<struct LinkElement link="https://www.ancientfaith.com/podcasts/features/", text="features">
I, [2026-03-21T10:46:10.709153 #1939047]  INFO -- : #<struct LinkElement link="https://www.ancientfaith.com/podcasts/filledwithless/", text="filledwithless">
I, [2026-03-21T10:46:10.723300 #1939047]  INFO -- : #<struct LinkElement link="https://www.ancientfaith.com/podcasts/fr-andrew-stephen-damick-lectures/", text="fr-andrew-stephen-damick-lectures">
I, [2026-03-21T10:46:10.737021 #1939047]  INFO -- : #<struct LinkElement link="https://www.ancientfaith.com/podcasts/gods_wondrous_saints/", text="gods_wondrous_saints">
I, [2026-03-21T10:46:10.750654 #1939047]  INFO -- : #<struct LinkElement link="https://www.ancientfaith.com/podcasts/greattales/", text="greattales">
I, [2026-03-21T10:46:10.764119 #1939047]  INFO -- : #<struct LinkElement link="https://www.ancientfaith.com/podcasts/how-to-be-an-orthodox-christian/", text="how-to-be-an-orthodox-christian">
I, [2026-03-21T10:46:10.777370 #1939047]  INFO -- : #<struct LinkElement link="https://www.ancientfaith.com/podcasts/lampfortoday/", text="lampfortoday">
I, [2026-03-21T10:46:10.791120 #1939047]  INFO -- : #<struct LinkElement link="https://www.ancientfaith.com/podcasts/letusattend/", text="letusattend">
I, [2026-03-21T10:46:10.804688 #1939047]  INFO -- : #<struct LinkElement link="https://www.ancientfaith.com/podcasts/lightpast/", text="lightpast">
I, [2026-03-21T10:46:10.818303 #1939047]  INFO -- : #<struct LinkElement link="https://www.ancientfaith.com/podcasts/livewiththelouhs/", text="livewiththelouhs">
I, [2026-03-21T10:46:10.831913 #1939047]  INFO -- : #<struct LinkElement link="https://www.ancientfaith.com/podcasts/lordofspirits/", text="lordofspirits">
I, [2026-03-21T10:46:10.845277 #1939047]  INFO -- : #<struct LinkElement link="https://www.ancientfaith.com/podcasts/orthodox_women_in_healing_ministries/", text="orthodox_women_in_healing_ministries">
I, [2026-03-21T10:46:10.859174 #1939047]  INFO -- : #<struct LinkElement link="https://www.ancientfaith.com/podcasts/orthodoxpilgrim/", text="orthodoxpilgrim">
I, [2026-03-21T10:46:10.873009 #1939047]  INFO -- : #<struct LinkElement link="https://www.ancientfaith.com/podcasts/parables/", text="parables">
I, [2026-03-21T10:46:10.886760 #1939047]  INFO -- : #<struct LinkElement link="https://www.ancientfaith.com/podcasts/pathacademy/", text="pathacademy">
I, [2026-03-21T10:46:10.900243 #1939047]  INFO -- : #<struct LinkElement link="https://www.ancientfaith.com/podcasts/sacramental/", text="sacramental">
I, [2026-03-21T10:46:10.914192 #1939047]  INFO -- : #<struct LinkElement link="https://www.ancientfaith.com/podcasts/saintoftheday/", text="saintoftheday">
I, [2026-03-21T10:46:10.932343 #1939047]  INFO -- : #<struct LinkElement link="https://www.ancientfaith.com/podcasts/searchthescriptureslive/", text="searchthescriptureslive">
I, [2026-03-21T10:46:10.945955 #1939047]  INFO -- : #<struct LinkElement link="https://www.ancientfaith.com/podcasts/shine-your-light/", text="shine-your-light">
I, [2026-03-21T10:46:10.959300 #1939047]  INFO -- : #<struct LinkElement link="https://www.ancientfaith.com/podcasts/the-great-rood-screen/", text="the-great-rood-screen">
I, [2026-03-21T10:46:10.973087 #1939047]  INFO -- : #<struct LinkElement link="https://www.ancientfaith.com/podcasts/the_roots_of_everything/", text="the_roots_of_everything">
I, [2026-03-21T10:46:10.986813 #1939047]  INFO -- : #<struct LinkElement link="https://www.ancientfaith.com/podcasts/thepath/", text="thepath">
I, [2026-03-21T10:46:11.000447 #1939047]  INFO -- : #<struct LinkElement link="https://www.ancientfaith.com/podcasts/welcoming-gifts/", text="welcoming-gifts">
I, [2026-03-21T10:46:11.013849 #1939047]  INFO -- : #<struct LinkElement link="https://www.ancientfaith.com/podcasts/wholecounsel/", text="wholecounsel">
